\BOOKMARK [1][-]{section.1}{\376\377\137\025\212\000}{}% 1
\BOOKMARK [1][-]{section.2}{\376\377\225\356\230\230\122\006\147\220}{}% 2
\BOOKMARK [1][-]{section.3}{\376\377\152\041\127\213\120\107\213\276}{}% 3
\BOOKMARK [1][-]{section.4}{\376\377\173\046\123\367\213\364\146\016}{}% 4
\BOOKMARK [1][-]{section.5}{\376\377\225\356\230\230\116\000\377\032\127\372\170\100\122\250\140\001\152\041\127\213}{}% 5
\BOOKMARK [2][-]{subsection.5.1}{\376\377\152\041\127\213\136\372\172\313}{section.5}% 6
\BOOKMARK [2][-]{subsection.5.2}{\376\377\123\302\145\160}{section.5}% 7
\BOOKMARK [2][-]{subsection.5.3}{\376\377\152\041\127\213\213\304\117\060}{section.5}% 8
\BOOKMARK [2][-]{subsection.5.4}{\376\377\152\041\127\213\176\323\147\234\122\006\147\220}{section.5}% 9
\BOOKMARK [3][-]{subsubsection.5.4.1}{\376\377\230\204\155\113\116\016\153\213\135\356}{subsection.5.4}% 10
\BOOKMARK [1][-]{section.6}{\376\377\225\356\230\230\116\214\377\032\137\025\121\145\117\303\217\333\116\016\142\221\122\066\117\134\165\050\166\204\145\071\217\333\152\041\127\213}{}% 11
\BOOKMARK [2][-]{subsection.6.1}{\376\377\152\041\127\213\136\372\172\313}{section.6}% 12
\BOOKMARK [2][-]{subsection.6.2}{\376\377\150\007\121\306\000\040\000L\000o\000g\000i\000s\000t\000i\000c\000\040\210\150\217\276\137\017}{section.6}% 13
\BOOKMARK [2][-]{subsection.6.3}{\376\377\123\302\145\160}{section.6}% 14
\BOOKMARK [2][-]{subsection.6.4}{\376\377\213\241\173\227}{section.6}% 15
\BOOKMARK [2][-]{subsection.6.5}{\376\377\230\204\155\113}{section.6}% 16
\BOOKMARK [1][-]{section.7}{\376\377\225\356\230\230\116\011\377\032\136\163\210\141\160\271\116\016\172\063\133\232\140\047\122\006\147\220}{}% 17
\BOOKMARK [2][-]{subsection.7.1}{\376\377\152\041\127\213\136\372\172\313}{section.7}% 18
\BOOKMARK [2][-]{subsection.7.2}{\376\377\136\163\210\141\160\271\116\016\172\063\133\232\140\047}{section.7}% 19
\BOOKMARK [2][-]{subsection.7.3}{\376\377\176\323\147\204\172\063\133\232\140\047}{section.7}% 20
\BOOKMARK [2][-]{subsection.7.4}{\376\377\133\236\165\050\133\211\121\150\217\271\165\114}{section.7}% 21
\BOOKMARK [3][-]{subsubsection.7.4.1}{\376\377\130\236\225\177\163\207\176\246\147\137}{subsection.7.4}% 22
\BOOKMARK [3][-]{subsubsection.7.4.2}{\376\377\133\271\221\317\176\246\147\137}{subsection.7.4}% 23
\BOOKMARK [3][-]{subsubsection.7.4.3}{\376\377\133\211\121\150\217\320\210\114\203\003\126\364}{subsection.7.4}% 24
\BOOKMARK [2][-]{subsection.7.5}{\376\377\211\343\200\046\214\003\143\247}{section.7}% 25
\BOOKMARK [1][-]{section.8}{\376\377\225\356\230\230\126\333\377\032\123\302\145\160\160\165\145\117\136\246\122\006\147\220}{}% 26
\BOOKMARK [2][-]{subsection.8.1}{\376\377\225\356\230\230\200\314\146\157\116\016\122\006\147\220\166\356\150\007}{section.8}% 27
\BOOKMARK [2][-]{subsection.8.2}{\376\377\145\271\154\325}{section.8}% 28
\BOOKMARK [3][-]{subsubsection.8.2.1}{\376\377\152\041\127\213\126\336\230\176}{subsection.8.2}% 29
\BOOKMARK [3][-]{subsubsection.8.2.2}{\376\377\123\302\145\160\162\151\164\006\141\017\116\111\377\010\176\323\124\010\000`\000`\154\252\134\032\126\336\145\066\000'\000'\133\236\226\105\127\072\146\157\377\011}{subsection.8.2}% 30
\BOOKMARK [3][-]{subsubsection.8.2.3}{\376\377\000O\000A\000T\000\040\142\160\122\250\145\271\150\110}{subsection.8.2}% 31
\BOOKMARK [2][-]{subsection.8.3}{\376\377\142\160\122\250\176\323\147\234\116\016\145\160\143\156\211\343\213\373}{section.8}% 32
\BOOKMARK [3][-]{subsubsection.8.3.1}{\376\377\377\010\126\372\147\011\130\236\225\177\163\207\377\011\0001\0000\000\045}{subsection.8.3}% 33
\BOOKMARK [3][-]{subsubsection.8.3.2}{\376\377\377\010\142\221\122\066\174\373\145\160\377\011\0001\0000\000\045}{subsection.8.3}% 34
\BOOKMARK [3][-]{subsubsection.8.3.3}{\376\377\377\010\117\303\217\333\174\373\145\160\377\011\0001\0000\000\045}{subsection.8.3}% 35
\BOOKMARK [3][-]{subsubsection.8.3.4}{\376\377\000K\377\010\127\372\121\306\133\271\221\317\377\011\0001\0000\000\045}{subsection.8.3}% 36
\BOOKMARK [2][-]{subsection.8.4}{\376\377\160\165\145\117\136\246\143\222\136\217\116\016\123\302\145\160\173\111\176\247}{section.8}% 37
\BOOKMARK [3][-]{subsubsection.8.4.1}{\376\377\133\371\000\040\000R\0002\000\040\166\204\137\161\124\315}{subsection.8.4}% 38
\BOOKMARK [3][-]{subsubsection.8.4.2}{\376\377\133\371\000\040\000M\000A\000E\000\040\166\204\137\161\124\315}{subsection.8.4}% 39
\BOOKMARK [3][-]{subsubsection.8.4.3}{\376\377\176\374\124\010\145\117\141\037\173\111\176\247}{subsection.8.4}% 40
\BOOKMARK [2][-]{subsection.8.5}{\376\377\211\343\147\220\137\071\140\047\154\107\140\073}{section.8}% 41
\BOOKMARK [2][-]{subsection.8.6}{\376\377\230\204\155\113\123\005\176\334\176\277\122\006\147\220}{section.8}% 42
\BOOKMARK [2][-]{subsection.8.7}{\376\377\116\016\000\040\000Q\0003\000\040\172\063\133\232\140\047\176\323\213\272\166\204\200\124\124\010\122\006\147\220}{section.8}% 43
\BOOKMARK [2][-]{subsection.8.8}{\376\377\121\163\225\056\176\323\213\272\116\016\225\177\145\110\214\003\143\247\173\126\165\145}{section.8}% 44
\BOOKMARK [1][-]{section.9}{\376\377\152\041\127\213\213\304\116\367}{}% 45
\BOOKMARK [2][-]{subsection.9.1}{\376\377\152\041\127\213\117\030\160\271}{section.9}% 46
\BOOKMARK [2][-]{subsection.9.2}{\376\377\152\041\127\213\116\015\215\263}{section.9}% 47
\BOOKMARK [1][-]{section.10}{\376\377\176\323\213\272}{}% 48
